
  .   ____          _            __ _ _
 /\\ / ___'_ __ _ _(_)_ __  __ _ \ \ \ \
( ( )\___ | '_ | '_| | '_ \/ _` | \ \ \ \
 \\/  ___)| |_)| | | | | || (_| |  ) ) ) )
  '  |____| .__|_| |_|_| |_\__, | / / / /
 =========|_|==============|___/=/_/_/_/

 :: Spring Boot ::               (v3.5.16)

2026-09-07T19:28:50.166-03:00  INFO 15652 --- [ms-agrotrack-mq-admin] [           main] c.a.m.MsAgrotrackMqAdminApplication      : Starting MsAgrotrackMqAdminApplication v0.0.1-SNAPSHOT using Java 21.0.12.1 with PID 15652 (C:\Users\deint\Desktop\AgroTrack\ms-agrotrack-mq-admin\target\ms-agrotrack-mq-admin-0.0.1-SNAPSHOT.jar started by deint in C:\Users\deint\Desktop\AgroTrack\ms-agrotrack-mq-admin)
2026-09-07T19:28:50.237-03:00  INFO 15652 --- [ms-agrotrack-mq-admin] [           main] c.a.m.MsAgrotrackMqAdminApplication      : The following 1 profile is active: "local"
2026-09-07T19:28:52.193-03:00  INFO 15652 --- [ms-agrotrack-mq-admin] [           main] o.s.b.w.embedded.tomcat.TomcatWebServer  : Tomcat initialized with port 8087 (http)
2026-09-07T19:28:52.286-03:00  INFO 15652 --- [ms-agrotrack-mq-admin] [           main] o.apache.catalina.core.StandardService   : Starting service [Tomcat]
2026-09-07T19:28:52.288-03:00  INFO 15652 --- [ms-agrotrack-mq-admin] [           main] o.apache.catalina.core.StandardEngine    : Starting Servlet engine: [Apache Tomcat/10.1.55]
2026-09-07T19:28:52.328-03:00  INFO 15652 --- [ms-agrotrack-mq-admin] [           main] o.a.c.c.C.[Tomcat].[localhost].[/]       : Initializing Spring embedded WebApplicationContext
2026-09-07T19:28:52.329-03:00  INFO 15652 --- [ms-agrotrack-mq-admin] [           main] w.s.c.ServletWebServerApplicationContext : Root WebApplicationContext: initialization completed in 2000 ms
2026-09-07T19:28:53.435-03:00  INFO 15652 --- [ms-agrotrack-mq-admin] [           main] o.s.b.a.e.web.EndpointLinksResolver      : Exposing 3 endpoints beneath base path '/actuator'
2026-09-07T19:28:53.984-03:00  INFO 15652 --- [ms-agrotrack-mq-admin] [           main] o.s.b.w.embedded.tomcat.TomcatWebServer  : Tomcat started on port 8087 (http) with context path '/'
2026-09-07T19:28:54.058-03:00  INFO 15652 --- [ms-agrotrack-mq-admin] [           main] c.a.m.MsAgrotrackMqAdminApplication      : Started MsAgrotrackMqAdminApplication in 4.601 seconds (process running for 5.174)
2026-09-07T19:28:54.475-03:00  INFO 15652 --- [ms-agrotrack-mq-admin] [nio-8087-exec-1] o.a.c.c.C.[Tomcat].[localhost].[/]       : Initializing Spring DispatcherServlet 'dispatcherServlet'
2026-09-07T19:28:54.475-03:00  INFO 15652 --- [ms-agrotrack-mq-admin] [nio-8087-exec-1] o.s.web.servlet.DispatcherServlet        : Initializing Servlet 'dispatcherServlet'
2026-09-07T19:28:54.475-03:00  INFO 15652 --- [ms-agrotrack-mq-admin] [nio-8087-exec-1] o.s.web.servlet.DispatcherServlet        : Completed initialization in 0 ms
2026-09-07T19:28:54.543-03:00  INFO 15652 --- [ms-agrotrack-mq-admin] [nio-8087-exec-1] o.s.a.r.c.CachingConnectionFactory       : Attempting to connect to: [localhost:5672]
2026-09-07T19:28:54.601-03:00  INFO 15652 --- [ms-agrotrack-mq-admin] [nio-8087-exec-1] o.s.a.r.c.CachingConnectionFactory       : Created new connection: rabbitConnectionFactory#640d604:0/SimpleConnection@4ee8f991 [delegate=amqp://agrotrack@127.0.0.1:5672/, localPort=50331]
