
  .   ____          _            __ _ _
 /\\ / ___'_ __ _ _(_)_ __  __ _ \ \ \ \
( ( )\___ | '_ | '_| | '_ \/ _` | \ \ \ \
 \\/  ___)| |_)| | | | | || (_| |  ) ) ) )
  '  |____| .__|_| |_|_| |_\__, | / / / /
 =========|_|==============|___/=/_/_/_/

 :: Spring Boot ::               (v3.5.16)

2026-09-07T19:29:03.954-03:00  INFO 13208 --- [ms-agrotrack-bff] [           main] c.a.bff.MsAgrotrackBffApplication        : Starting MsAgrotrackBffApplication v0.0.1-SNAPSHOT using Java 21.0.12.1 with PID 13208 (C:\Users\deint\Desktop\AgroTrack\ms-agrotrack-bff\target\ms-agrotrack-bff-0.0.1-SNAPSHOT.jar started by deint in C:\Users\deint\Desktop\AgroTrack\ms-agrotrack-bff)
2026-09-07T19:29:04.023-03:00  INFO 13208 --- [ms-agrotrack-bff] [           main] c.a.bff.MsAgrotrackBffApplication        : The following 1 profile is active: "local"
2026-09-07T19:29:08.343-03:00  INFO 13208 --- [ms-agrotrack-bff] [           main] o.s.b.w.embedded.tomcat.TomcatWebServer  : Tomcat initialized with port 8081 (http)
2026-09-07T19:29:08.370-03:00  INFO 13208 --- [ms-agrotrack-bff] [           main] o.apache.catalina.core.StandardService   : Starting service [Tomcat]
2026-09-07T19:29:08.373-03:00  INFO 13208 --- [ms-agrotrack-bff] [           main] o.apache.catalina.core.StandardEngine    : Starting Servlet engine: [Apache Tomcat/10.1.55]
2026-09-07T19:29:08.431-03:00  INFO 13208 --- [ms-agrotrack-bff] [           main] o.a.c.c.C.[Tomcat].[localhost].[/]       : Initializing Spring embedded WebApplicationContext
2026-09-07T19:29:08.433-03:00  INFO 13208 --- [ms-agrotrack-bff] [           main] w.s.c.ServletWebServerApplicationContext : Root WebApplicationContext: initialization completed in 4023 ms
2026-09-07T19:29:11.305-03:00  INFO 13208 --- [ms-agrotrack-bff] [           main] o.s.b.a.e.web.EndpointLinksResolver      : Exposing 3 endpoints beneath base path '/actuator'
2026-09-07T19:29:12.773-03:00  INFO 13208 --- [ms-agrotrack-bff] [           main] o.s.b.w.embedded.tomcat.TomcatWebServer  : Tomcat started on port 8081 (http) with context path '/'
2026-09-07T19:29:12.863-03:00  INFO 13208 --- [ms-agrotrack-bff] [           main] c.a.bff.MsAgrotrackBffApplication        : Started MsAgrotrackBffApplication in 10.342 seconds (process running for 11.947)
2026-09-07T19:29:22.053-03:00  INFO 13208 --- [ms-agrotrack-bff] [nio-8081-exec-1] o.a.c.c.C.[Tomcat].[localhost].[/]       : Initializing Spring DispatcherServlet 'dispatcherServlet'
2026-09-07T19:29:22.057-03:00  INFO 13208 --- [ms-agrotrack-bff] [nio-8081-exec-1] o.s.web.servlet.DispatcherServlet        : Initializing Servlet 'dispatcherServlet'
2026-09-07T19:29:22.063-03:00  INFO 13208 --- [ms-agrotrack-bff] [nio-8081-exec-1] o.s.web.servlet.DispatcherServlet        : Completed initialization in 0 ms
