
  .   ____          _            __ _ _
 /\\ / ___'_ __ _ _(_)_ __  __ _ \ \ \ \
( ( )\___ | '_ | '_| | '_ \/ _` | \ \ \ \
 \\/  ___)| |_)| | | | | || (_| |  ) ) ) )
  '  |____| .__|_| |_|_| |_\__, | / / / /
 =========|_|==============|___/=/_/_/_/

 :: Spring Boot ::               (v3.5.16)

2026-09-07T19:29:03.487-03:00  INFO 21184 --- [ms-agrotrack-catalog] [           main] c.a.c.MsAgrotrackCatalogApplication      : Starting MsAgrotrackCatalogApplication v0.0.1-SNAPSHOT using Java 21.0.12.1 with PID 21184 (C:\Users\deint\Desktop\AgroTrack\ms-agrotrack-catalog\target\ms-agrotrack-catalog-0.0.1-SNAPSHOT.jar started by deint in C:\Users\deint\Desktop\AgroTrack\ms-agrotrack-catalog)
2026-09-07T19:29:03.533-03:00  INFO 21184 --- [ms-agrotrack-catalog] [           main] c.a.c.MsAgrotrackCatalogApplication      : The following 1 profile is active: "local"
2026-09-07T19:29:08.015-03:00  INFO 21184 --- [ms-agrotrack-catalog] [           main] .s.d.r.c.RepositoryConfigurationDelegate : Bootstrapping Spring Data JPA repositories in DEFAULT mode.
2026-09-07T19:29:08.173-03:00  INFO 21184 --- [ms-agrotrack-catalog] [           main] .s.d.r.c.RepositoryConfigurationDelegate : Finished Spring Data repository scanning in 90 ms. Found 2 JPA repository interfaces.
2026-09-07T19:29:10.763-03:00  INFO 21184 --- [ms-agrotrack-catalog] [           main] o.s.b.w.embedded.tomcat.TomcatWebServer  : Tomcat initialized with port 8083 (http)
2026-09-07T19:29:10.799-03:00  INFO 21184 --- [ms-agrotrack-catalog] [           main] o.apache.catalina.core.StandardService   : Starting service [Tomcat]
2026-09-07T19:29:10.805-03:00  INFO 21184 --- [ms-agrotrack-catalog] [           main] o.apache.catalina.core.StandardEngine    : Starting Servlet engine: [Apache Tomcat/10.1.55]
2026-09-07T19:29:10.923-03:00  INFO 21184 --- [ms-agrotrack-catalog] [           main] o.a.c.c.C.[Tomcat].[localhost].[/]       : Initializing Spring embedded WebApplicationContext
2026-09-07T19:29:10.926-03:00  INFO 21184 --- [ms-agrotrack-catalog] [           main] w.s.c.ServletWebServerApplicationContext : Root WebApplicationContext: initialization completed in 7222 ms
2026-09-07T19:29:12.983-03:00  INFO 21184 --- [ms-agrotrack-catalog] [           main] com.zaxxer.hikari.HikariDataSource       : HikariPool-1 - Starting...
2026-09-07T19:29:13.785-03:00  INFO 21184 --- [ms-agrotrack-catalog] [           main] com.zaxxer.hikari.pool.HikariPool        : HikariPool-1 - Added connection org.postgresql.jdbc.PgConnection@31b6b0c7
2026-09-07T19:29:13.860-03:00  INFO 21184 --- [ms-agrotrack-catalog] [           main] com.zaxxer.hikari.HikariDataSource       : HikariPool-1 - Start completed.
2026-09-07T19:29:13.940-03:00  INFO 21184 --- [ms-agrotrack-catalog] [           main] org.flywaydb.core.FlywayExecutor         : Database: jdbc:postgresql://localhost:5432/agro_catalog (PostgreSQL 16.15)
2026-09-07T19:29:14.189-03:00  INFO 21184 --- [ms-agrotrack-catalog] [           main] o.f.core.internal.command.DbValidate     : Successfully validated 1 migration (execution time 00:00.137s)
2026-09-07T19:29:14.297-03:00  INFO 21184 --- [ms-agrotrack-catalog] [           main] o.f.core.internal.command.DbMigrate      : Current version of schema "public": 1
2026-09-07T19:29:14.310-03:00  INFO 21184 --- [ms-agrotrack-catalog] [           main] o.f.core.internal.command.DbMigrate      : Schema "public" is up to date. No migration necessary.
2026-09-07T19:29:14.591-03:00  INFO 21184 --- [ms-agrotrack-catalog] [           main] o.hibernate.jpa.internal.util.LogHelper  : HHH000204: Processing PersistenceUnitInfo [name: default]
2026-09-07T19:29:14.730-03:00  INFO 21184 --- [ms-agrotrack-catalog] [           main] org.hibernate.Version                    : HHH000412: Hibernate ORM core version 6.6.53.Final
2026-09-07T19:29:14.855-03:00  INFO 21184 --- [ms-agrotrack-catalog] [           main] o.h.c.internal.RegionFactoryInitiator    : HHH000026: Second-level cache disabled
2026-09-07T19:29:15.349-03:00  INFO 21184 --- [ms-agrotrack-catalog] [           main] o.s.o.j.p.SpringPersistenceUnitInfo      : No LoadTimeWeaver setup: ignoring JPA class transformer
2026-09-07T19:29:15.515-03:00  INFO 21184 --- [ms-agrotrack-catalog] [           main] org.hibernate.orm.connections.pooling    : HHH10001005: Database info:
	Database JDBC URL [Connecting through datasource 'HikariDataSource (HikariPool-1)']
	Database driver: undefined/unknown
	Database version: 16.15
	Autocommit mode: undefined/unknown
	Isolation level: undefined/unknown
	Minimum pool size: undefined/unknown
	Maximum pool size: undefined/unknown
2026-09-07T19:29:16.833-03:00  INFO 21184 --- [ms-agrotrack-catalog] [           main] o.h.e.t.j.p.i.JtaPlatformInitiator       : HHH000489: No JTA platform available (set 'hibernate.transaction.jta.platform' to enable JTA platform integration)
2026-09-07T19:29:16.939-03:00  INFO 21184 --- [ms-agrotrack-catalog] [           main] j.LocalContainerEntityManagerFactoryBean : Initialized JPA EntityManagerFactory for persistence unit 'default'
2026-09-07T19:29:17.363-03:00  INFO 21184 --- [ms-agrotrack-catalog] [           main] o.s.d.j.r.query.QueryEnhancerFactory     : Hibernate is in classpath; If applicable, HQL parser will be used.
2026-09-07T19:29:18.860-03:00  INFO 21184 --- [ms-agrotrack-catalog] [           main] o.s.b.a.e.web.EndpointLinksResolver      : Exposing 3 endpoints beneath base path '/actuator'
2026-09-07T19:29:19.608-03:00  INFO 21184 --- [ms-agrotrack-catalog] [           main] o.s.b.w.embedded.tomcat.TomcatWebServer  : Tomcat started on port 8083 (http) with context path '/'
2026-09-07T19:29:19.693-03:00  INFO 21184 --- [ms-agrotrack-catalog] [           main] c.a.c.MsAgrotrackCatalogApplication      : Started MsAgrotrackCatalogApplication in 17.398 seconds (process running for 18.902)
2026-09-07T19:29:20.934-03:00  INFO 21184 --- [ms-agrotrack-catalog] [nio-8083-exec-1] o.a.c.c.C.[Tomcat].[localhost].[/]       : Initializing Spring DispatcherServlet 'dispatcherServlet'
2026-09-07T19:29:20.934-03:00  INFO 21184 --- [ms-agrotrack-catalog] [nio-8083-exec-1] o.s.web.servlet.DispatcherServlet        : Initializing Servlet 'dispatcherServlet'
2026-09-07T19:29:20.934-03:00  INFO 21184 --- [ms-agrotrack-catalog] [nio-8083-exec-1] o.s.web.servlet.DispatcherServlet        : Completed initialization in 0 ms
2026-09-07T19:29:24.970-03:00  INFO 21184 --- [ms-agrotrack-catalog] [nio-8083-exec-9] c.a.catalog.aplicacion.CapacidadService  : Reservando 280 en bodega 5 para entrega DEL-2026-000005
