
  .   ____          _            __ _ _
 /\\ / ___'_ __ _ _(_)_ __  __ _ \ \ \ \
( ( )\___ | '_ | '_| | '_ \/ _` | \ \ \ \
 \\/  ___)| |_)| | | | | || (_| |  ) ) ) )
  '  |____| .__|_| |_|_| |_\__, | / / / /
 =========|_|==============|___/=/_/_/_/

 :: Spring Boot ::               (v3.5.16)

2026-09-07T19:28:56.148-03:00  INFO 25428 --- [ms-agrotrack-kafka-admin] [           main] c.a.k.MsAgrotrackKafkaAdminApplication   : Starting MsAgrotrackKafkaAdminApplication v0.0.1-SNAPSHOT using Java 21.0.12.1 with PID 25428 (C:\Users\deint\Desktop\AgroTrack\ms-agrotrack-kafka-admin\target\ms-agrotrack-kafka-admin-0.0.1-SNAPSHOT.jar started by deint in C:\Users\deint\Desktop\AgroTrack\ms-agrotrack-kafka-admin)
2026-09-07T19:28:56.153-03:00  INFO 25428 --- [ms-agrotrack-kafka-admin] [           main] c.a.k.MsAgrotrackKafkaAdminApplication   : The following 1 profile is active: "local"
2026-09-07T19:28:57.893-03:00  INFO 25428 --- [ms-agrotrack-kafka-admin] [           main] o.s.b.w.embedded.tomcat.TomcatWebServer  : Tomcat initialized with port 8088 (http)
2026-09-07T19:28:57.919-03:00  INFO 25428 --- [ms-agrotrack-kafka-admin] [           main] o.apache.catalina.core.StandardService   : Starting service [Tomcat]
2026-09-07T19:28:57.919-03:00  INFO 25428 --- [ms-agrotrack-kafka-admin] [           main] o.apache.catalina.core.StandardEngine    : Starting Servlet engine: [Apache Tomcat/10.1.55]
2026-09-07T19:28:57.964-03:00  INFO 25428 --- [ms-agrotrack-kafka-admin] [           main] o.a.c.c.C.[Tomcat].[localhost].[/]       : Initializing Spring embedded WebApplicationContext
2026-09-07T19:28:57.964-03:00  INFO 25428 --- [ms-agrotrack-kafka-admin] [           main] w.s.c.ServletWebServerApplicationContext : Root WebApplicationContext: initialization completed in 1741 ms
2026-09-07T19:28:58.809-03:00  INFO 25428 --- [ms-agrotrack-kafka-admin] [           main] o.s.b.a.e.web.EndpointLinksResolver      : Exposing 3 endpoints beneath base path '/actuator'
2026-09-07T19:28:59.438-03:00  INFO 25428 --- [ms-agrotrack-kafka-admin] [           main] o.a.k.clients.admin.AdminClientConfig    : AdminClientConfig values: 
	auto.include.jmx.reporter = true
	bootstrap.controllers = []
	bootstrap.servers = [localhost:9092]
	client.dns.lookup = use_all_dns_ips
	client.id = ms-agrotrack-kafka-admin-admin-0
	connections.max.idle.ms = 300000
	default.api.timeout.ms = 60000
	enable.metrics.push = true
	metadata.max.age.ms = 300000
	metadata.recovery.strategy = none
	metric.reporters = []
	metrics.num.samples = 2
	metrics.recording.level = INFO
	metrics.sample.window.ms = 30000
	receive.buffer.bytes = 65536
	reconnect.backoff.max.ms = 1000
	reconnect.backoff.ms = 50
	request.timeout.ms = 30000
	retries = 2147483647
	retry.backoff.max.ms = 1000
	retry.backoff.ms = 100
	sasl.client.callback.handler.class = null
	sasl.jaas.config = null
	sasl.kerberos.kinit.cmd = /usr/bin/kinit
	sasl.kerberos.min.time.before.relogin = 60000
	sasl.kerberos.service.name = null
	sasl.kerberos.ticket.renew.jitter = 0.05
	sasl.kerberos.ticket.renew.window.factor = 0.8
	sasl.login.callback.handler.class = null
	sasl.login.class = null
	sasl.login.connect.timeout.ms = null
	sasl.login.read.timeout.ms = null
	sasl.login.refresh.buffer.seconds = 300
	sasl.login.refresh.min.period.seconds = 60
	sasl.login.refresh.window.factor = 0.8
	sasl.login.refresh.window.jitter = 0.05
	sasl.login.retry.backoff.max.ms = 10000
	sasl.login.retry.backoff.ms = 100
	sasl.mechanism = GSSAPI
	sasl.oauthbearer.clock.skew.seconds = 30
	sasl.oauthbearer.expected.audience = null
	sasl.oauthbearer.expected.issuer = null
	sasl.oauthbearer.header.urlencode = false
	sasl.oauthbearer.jwks.endpoint.refresh.ms = 3600000
	sasl.oauthbearer.jwks.endpoint.retry.backoff.max.ms = 10000
	sasl.oauthbearer.jwks.endpoint.retry.backoff.ms = 100
	sasl.oauthbearer.jwks.endpoint.url = null
	sasl.oauthbearer.scope.claim.name = scope
	sasl.oauthbearer.sub.claim.name = sub
	sasl.oauthbearer.token.endpoint.url = null
	security.protocol = PLAINTEXT
	security.providers = null
	send.buffer.bytes = 131072
	socket.connection.setup.timeout.max.ms = 30000
	socket.connection.setup.timeout.ms = 10000
	ssl.cipher.suites = null
	ssl.enabled.protocols = [TLSv1.2, TLSv1.3]
	ssl.endpoint.identification.algorithm = https
	ssl.engine.factory.class = null
	ssl.key.password = null
	ssl.keymanager.algorithm = SunX509
	ssl.keystore.certificate.chain = null
	ssl.keystore.key = null
	ssl.keystore.location = null
	ssl.keystore.password = null
	ssl.keystore.type = JKS
	ssl.protocol = TLSv1.3
	ssl.provider = null
	ssl.secure.random.implementation = null
	ssl.trustmanager.algorithm = PKIX
	ssl.truststore.certificates = null
	ssl.truststore.location = null
	ssl.truststore.password = null
	ssl.truststore.type = JKS

2026-09-07T19:28:59.666-03:00  INFO 25428 --- [ms-agrotrack-kafka-admin] [           main] o.a.kafka.common.utils.AppInfoParser     : Kafka version: 3.9.2
2026-09-07T19:28:59.733-03:00  INFO 25428 --- [ms-agrotrack-kafka-admin] [           main] o.a.kafka.common.utils.AppInfoParser     : Kafka commitId: 5e9866f43ab8e7e4
2026-09-07T19:28:59.733-03:00  INFO 25428 --- [ms-agrotrack-kafka-admin] [           main] o.a.kafka.common.utils.AppInfoParser     : Kafka startTimeMs: 1788820139666
2026-09-07T19:29:00.245-03:00  INFO 25428 --- [ms-agrotrack-kafka-admin] [a-admin-admin-0] o.a.kafka.common.utils.AppInfoParser     : App info kafka.admin.client for ms-agrotrack-kafka-admin-admin-0 unregistered
2026-09-07T19:29:00.315-03:00  INFO 25428 --- [ms-agrotrack-kafka-admin] [a-admin-admin-0] o.apache.kafka.common.metrics.Metrics    : Metrics scheduler closed
2026-09-07T19:29:00.316-03:00  INFO 25428 --- [ms-agrotrack-kafka-admin] [a-admin-admin-0] o.apache.kafka.common.metrics.Metrics    : Closing reporter org.apache.kafka.common.metrics.JmxReporter
2026-09-07T19:29:00.316-03:00  INFO 25428 --- [ms-agrotrack-kafka-admin] [a-admin-admin-0] o.apache.kafka.common.metrics.Metrics    : Metrics reporters closed
2026-09-07T19:29:00.345-03:00  INFO 25428 --- [ms-agrotrack-kafka-admin] [           main] o.s.b.w.embedded.tomcat.TomcatWebServer  : Tomcat started on port 8088 (http) with context path '/'
2026-09-07T19:29:00.368-03:00  INFO 25428 --- [ms-agrotrack-kafka-admin] [           main] c.a.k.MsAgrotrackKafkaAdminApplication   : Started MsAgrotrackKafkaAdminApplication in 4.829 seconds (process running for 5.421)
2026-09-07T19:29:00.493-03:00  INFO 25428 --- [ms-agrotrack-kafka-admin] [nio-8088-exec-1] o.a.c.c.C.[Tomcat].[localhost].[/]       : Initializing Spring DispatcherServlet 'dispatcherServlet'
2026-09-07T19:29:00.493-03:00  INFO 25428 --- [ms-agrotrack-kafka-admin] [nio-8088-exec-1] o.s.web.servlet.DispatcherServlet        : Initializing Servlet 'dispatcherServlet'
2026-09-07T19:29:00.496-03:00  INFO 25428 --- [ms-agrotrack-kafka-admin] [nio-8088-exec-1] o.s.web.servlet.DispatcherServlet        : Completed initialization in 3 ms
2026-09-07T19:29:30.316-03:00  INFO 25428 --- [ms-agrotrack-kafka-admin] [nio-8088-exec-4] o.a.k.clients.admin.AdminClientConfig    : AdminClientConfig values: 
	auto.include.jmx.reporter = true
	bootstrap.controllers = []
	bootstrap.servers = [localhost:9092]
	client.dns.lookup = use_all_dns_ips
	client.id = 
	connections.max.idle.ms = 300000
	default.api.timeout.ms = 60000
	enable.metrics.push = true
	metadata.max.age.ms = 300000
	metadata.recovery.strategy = none
	metric.reporters = []
	metrics.num.samples = 2
	metrics.recording.level = INFO
	metrics.sample.window.ms = 30000
	receive.buffer.bytes = 65536
	reconnect.backoff.max.ms = 1000
	reconnect.backoff.ms = 50
	request.timeout.ms = 30000
	retries = 2147483647
	retry.backoff.max.ms = 1000
	retry.backoff.ms = 100
	sasl.client.callback.handler.class = null
	sasl.jaas.config = null
	sasl.kerberos.kinit.cmd = /usr/bin/kinit
	sasl.kerberos.min.time.before.relogin = 60000
	sasl.kerberos.service.name = null
	sasl.kerberos.ticket.renew.jitter = 0.05
	sasl.kerberos.ticket.renew.window.factor = 0.8
	sasl.login.callback.handler.class = null
	sasl.login.class = null
	sasl.login.connect.timeout.ms = null
	sasl.login.read.timeout.ms = null
	sasl.login.refresh.buffer.seconds = 300
	sasl.login.refresh.min.period.seconds = 60
	sasl.login.refresh.window.factor = 0.8
	sasl.login.refresh.window.jitter = 0.05
	sasl.login.retry.backoff.max.ms = 10000
	sasl.login.retry.backoff.ms = 100
	sasl.mechanism = GSSAPI
	sasl.oauthbearer.clock.skew.seconds = 30
	sasl.oauthbearer.expected.audience = null
	sasl.oauthbearer.expected.issuer = null
	sasl.oauthbearer.header.urlencode = false
	sasl.oauthbearer.jwks.endpoint.refresh.ms = 3600000
	sasl.oauthbearer.jwks.endpoint.retry.backoff.max.ms = 10000
	sasl.oauthbearer.jwks.endpoint.retry.backoff.ms = 100
	sasl.oauthbearer.jwks.endpoint.url = null
	sasl.oauthbearer.scope.claim.name = scope
	sasl.oauthbearer.sub.claim.name = sub
	sasl.oauthbearer.token.endpoint.url = null
	security.protocol = PLAINTEXT
	security.providers = null
	send.buffer.bytes = 131072
	socket.connection.setup.timeout.max.ms = 30000
	socket.connection.setup.timeout.ms = 10000
	ssl.cipher.suites = null
	ssl.enabled.protocols = [TLSv1.2, TLSv1.3]
	ssl.endpoint.identification.algorithm = https
	ssl.engine.factory.class = null
	ssl.key.password = null
	ssl.keymanager.algorithm = SunX509
	ssl.keystore.certificate.chain = null
	ssl.keystore.key = null
	ssl.keystore.location = null
	ssl.keystore.password = null
	ssl.keystore.type = JKS
	ssl.protocol = TLSv1.3
	ssl.provider = null
	ssl.secure.random.implementation = null
	ssl.trustmanager.algorithm = PKIX
	ssl.truststore.certificates = null
	ssl.truststore.location = null
	ssl.truststore.password = null
	ssl.truststore.type = JKS

2026-09-07T19:29:30.385-03:00  INFO 25428 --- [ms-agrotrack-kafka-admin] [nio-8088-exec-4] o.a.kafka.common.utils.AppInfoParser     : Kafka version: 3.9.2
2026-09-07T19:29:30.388-03:00  INFO 25428 --- [ms-agrotrack-kafka-admin] [nio-8088-exec-4] o.a.kafka.common.utils.AppInfoParser     : Kafka commitId: 5e9866f43ab8e7e4
2026-09-07T19:29:30.389-03:00  INFO 25428 --- [ms-agrotrack-kafka-admin] [nio-8088-exec-4] o.a.kafka.common.utils.AppInfoParser     : Kafka startTimeMs: 1788820170385
2026-09-07T19:29:30.420-03:00  INFO 25428 --- [ms-agrotrack-kafka-admin] [| adminclient-1] o.a.kafka.common.utils.AppInfoParser     : App info kafka.admin.client for adminclient-1 unregistered
2026-09-07T19:29:30.430-03:00  INFO 25428 --- [ms-agrotrack-kafka-admin] [| adminclient-1] o.apache.kafka.common.metrics.Metrics    : Metrics scheduler closed
2026-09-07T19:29:30.430-03:00  INFO 25428 --- [ms-agrotrack-kafka-admin] [| adminclient-1] o.apache.kafka.common.metrics.Metrics    : Closing reporter org.apache.kafka.common.metrics.JmxReporter
2026-09-07T19:29:30.431-03:00  INFO 25428 --- [ms-agrotrack-kafka-admin] [| adminclient-1] o.apache.kafka.common.metrics.Metrics    : Metrics reporters closed
