
  .   ____          _            __ _ _
 /\\ / ___'_ __ _ _(_)_ __  __ _ \ \ \ \
( ( )\___ | '_ | '_| | '_ \/ _` | \ \ \ \
 \\/  ___)| |_)| | | | | || (_| |  ) ) ) )
  '  |____| .__|_| |_|_| |_\__, | / / / /
 =========|_|==============|___/=/_/_/_/

 :: Spring Boot ::               (v3.5.16)

2026-09-07T19:29:03.777-03:00  INFO 21816 --- [ms-agrotrack-report] [           main] c.a.report.MsAgrotrackReportApplication  : Starting MsAgrotrackReportApplication v0.0.1-SNAPSHOT using Java 21.0.12.1 with PID 21816 (C:\Users\deint\Desktop\AgroTrack\ms-agrotrack-report\target\ms-agrotrack-report-0.0.1-SNAPSHOT.jar started by deint in C:\Users\deint\Desktop\AgroTrack\ms-agrotrack-report)
2026-09-07T19:29:03.783-03:00  INFO 21816 --- [ms-agrotrack-report] [           main] c.a.report.MsAgrotrackReportApplication  : The following 1 profile is active: "local"
2026-09-07T19:29:10.382-03:00  INFO 21816 --- [ms-agrotrack-report] [           main] o.s.b.w.embedded.tomcat.TomcatWebServer  : Tomcat initialized with port 8085 (http)
2026-09-07T19:29:10.443-03:00  INFO 21816 --- [ms-agrotrack-report] [           main] o.apache.catalina.core.StandardService   : Starting service [Tomcat]
2026-09-07T19:29:10.447-03:00  INFO 21816 --- [ms-agrotrack-report] [           main] o.apache.catalina.core.StandardEngine    : Starting Servlet engine: [Apache Tomcat/10.1.55]
2026-09-07T19:29:10.529-03:00  INFO 21816 --- [ms-agrotrack-report] [           main] o.a.c.c.C.[Tomcat].[localhost].[/]       : Initializing Spring embedded WebApplicationContext
2026-09-07T19:29:10.535-03:00  INFO 21816 --- [ms-agrotrack-report] [           main] w.s.c.ServletWebServerApplicationContext : Root WebApplicationContext: initialization completed in 6561 ms
2026-09-07T19:29:12.547-03:00  INFO 21816 --- [ms-agrotrack-report] [           main] com.zaxxer.hikari.HikariDataSource       : HikariPool-1 - Starting...
2026-09-07T19:29:13.215-03:00  INFO 21816 --- [ms-agrotrack-report] [           main] com.zaxxer.hikari.pool.HikariPool        : HikariPool-1 - Added connection org.postgresql.jdbc.PgConnection@75839695
2026-09-07T19:29:13.221-03:00  INFO 21816 --- [ms-agrotrack-report] [           main] com.zaxxer.hikari.HikariDataSource       : HikariPool-1 - Start completed.
2026-09-07T19:29:13.328-03:00  INFO 21816 --- [ms-agrotrack-report] [           main] org.flywaydb.core.FlywayExecutor         : Database: jdbc:postgresql://localhost:5432/agro_report (PostgreSQL 16.15)
2026-09-07T19:29:13.561-03:00  INFO 21816 --- [ms-agrotrack-report] [           main] o.f.core.internal.command.DbValidate     : Successfully validated 1 migration (execution time 00:00.121s)
2026-09-07T19:29:13.633-03:00  INFO 21816 --- [ms-agrotrack-report] [           main] o.f.core.internal.command.DbMigrate      : Current version of schema "public": 1
2026-09-07T19:29:13.639-03:00  INFO 21816 --- [ms-agrotrack-report] [           main] o.f.core.internal.command.DbMigrate      : Schema "public" is up to date. No migration necessary.
2026-09-07T19:29:15.275-03:00  INFO 21816 --- [ms-agrotrack-report] [           main] o.s.b.a.e.web.EndpointLinksResolver      : Exposing 3 endpoints beneath base path '/actuator'
2026-09-07T19:29:16.203-03:00  INFO 21816 --- [ms-agrotrack-report] [           main] o.s.b.w.embedded.tomcat.TomcatWebServer  : Tomcat started on port 8085 (http) with context path '/'
2026-09-07T19:29:16.279-03:00  INFO 21816 --- [ms-agrotrack-report] [           main] o.a.k.clients.consumer.ConsumerConfig    : ConsumerConfig values: 
	allow.auto.create.topics = true
	auto.commit.interval.ms = 5000
	auto.include.jmx.reporter = true
	auto.offset.reset = earliest
	bootstrap.servers = [localhost:9092]
	check.crcs = true
	client.dns.lookup = use_all_dns_ips
	client.id = consumer-report-consumer-1
	client.rack = 
	connections.max.idle.ms = 540000
	default.api.timeout.ms = 60000
	enable.auto.commit = false
	enable.metrics.push = true
	exclude.internal.topics = true
	fetch.max.bytes = 52428800
	fetch.max.wait.ms = 500
	fetch.min.bytes = 1
	group.id = report-consumer
	group.instance.id = null
	group.protocol = classic
	group.remote.assignor = null
	heartbeat.interval.ms = 3000
	interceptor.classes = []
	internal.leave.group.on.close = true
	internal.throw.on.fetch.stable.offset.unsupported = false
	isolation.level = read_uncommitted
	key.deserializer = class org.apache.kafka.common.serialization.StringDeserializer
	max.partition.fetch.bytes = 1048576
	max.poll.interval.ms = 300000
	max.poll.records = 500
	metadata.max.age.ms = 300000
	metadata.recovery.strategy = none
	metric.reporters = []
	metrics.num.samples = 2
	metrics.recording.level = INFO
	metrics.sample.window.ms = 30000
	partition.assignment.strategy = [class org.apache.kafka.clients.consumer.RangeAssignor, class org.apache.kafka.clients.consumer.CooperativeStickyAssignor]
	receive.buffer.bytes = 65536
	reconnect.backoff.max.ms = 1000
	reconnect.backoff.ms = 50
	request.timeout.ms = 30000
	retry.backoff.max.ms = 1000
	retry.backoff.ms = 100
	sasl.client.callback.handler.class = null
	sasl.jaas.config = null
	sasl.kerberos.kinit.cmd = /usr/bin/kinit
	sasl.kerberos.min.time.before.relogin = 60000
	sasl.kerberos.service.name = null
	sasl.kerberos.ticket.renew.jitter = 0.05
	sasl.kerberos.ticket.renew.window.factor = 0.8
	sasl.login.callback.handler.class = null
	sasl.login.class = null
	sasl.login.connect.timeout.ms = null
	sasl.login.read.timeout.ms = null
	sasl.login.refresh.buffer.seconds = 300
	sasl.login.refresh.min.period.seconds = 60
	sasl.login.refresh.window.factor = 0.8
	sasl.login.refresh.window.jitter = 0.05
	sasl.login.retry.backoff.max.ms = 10000
	sasl.login.retry.backoff.ms = 100
	sasl.mechanism = GSSAPI
	sasl.oauthbearer.clock.skew.seconds = 30
	sasl.oauthbearer.expected.audience = null
	sasl.oauthbearer.expected.issuer = null
	sasl.oauthbearer.header.urlencode = false
	sasl.oauthbearer.jwks.endpoint.refresh.ms = 3600000
	sasl.oauthbearer.jwks.endpoint.retry.backoff.max.ms = 10000
	sasl.oauthbearer.jwks.endpoint.retry.backoff.ms = 100
	sasl.oauthbearer.jwks.endpoint.url = null
	sasl.oauthbearer.scope.claim.name = scope
	sasl.oauthbearer.sub.claim.name = sub
	sasl.oauthbearer.token.endpoint.url = null
	security.protocol = PLAINTEXT
	security.providers = null
	send.buffer.bytes = 131072
	session.timeout.ms = 45000
	socket.connection.setup.timeout.max.ms = 30000
	socket.connection.setup.timeout.ms = 10000
	ssl.cipher.suites = null
	ssl.enabled.protocols = [TLSv1.2, TLSv1.3]
	ssl.endpoint.identification.algorithm = https
	ssl.engine.factory.class = null
	ssl.key.password = null
	ssl.keymanager.algorithm = SunX509
	ssl.keystore.certificate.chain = null
	ssl.keystore.key = null
	ssl.keystore.location = null
	ssl.keystore.password = null
	ssl.keystore.type = JKS
	ssl.protocol = TLSv1.3
	ssl.provider = null
	ssl.secure.random.implementation = null
	ssl.trustmanager.algorithm = PKIX
	ssl.truststore.certificates = null
	ssl.truststore.location = null
	ssl.truststore.password = null
	ssl.truststore.type = JKS
	value.deserializer = class org.apache.kafka.common.serialization.StringDeserializer

2026-09-07T19:29:16.338-03:00  INFO 21816 --- [ms-agrotrack-report] [           main] o.a.k.c.t.i.KafkaMetricsCollector        : initializing Kafka metrics collector
2026-09-07T19:29:16.533-03:00  INFO 21816 --- [ms-agrotrack-report] [           main] o.a.kafka.common.utils.AppInfoParser     : Kafka version: 3.9.2
2026-09-07T19:29:16.533-03:00  INFO 21816 --- [ms-agrotrack-report] [           main] o.a.kafka.common.utils.AppInfoParser     : Kafka commitId: 5e9866f43ab8e7e4
2026-09-07T19:29:16.533-03:00  INFO 21816 --- [ms-agrotrack-report] [           main] o.a.kafka.common.utils.AppInfoParser     : Kafka startTimeMs: 1788820156533
2026-09-07T19:29:16.553-03:00  INFO 21816 --- [ms-agrotrack-report] [           main] o.a.k.c.c.i.ClassicKafkaConsumer         : [Consumer clientId=consumer-report-consumer-1, groupId=report-consumer] Subscribed to topic(s): deliveries.events
2026-09-07T19:29:16.590-03:00  INFO 21816 --- [ms-agrotrack-report] [           main] c.a.report.MsAgrotrackReportApplication  : Started MsAgrotrackReportApplication in 14.117 seconds (process running for 15.68)
2026-09-07T19:29:17.144-03:00  INFO 21816 --- [ms-agrotrack-report] [ntainer#0-0-C-1] org.apache.kafka.clients.Metadata        : [Consumer clientId=consumer-report-consumer-1, groupId=report-consumer] Cluster ID: 5L6g3nShT-eMCtK--X86sw
2026-09-07T19:29:17.207-03:00  INFO 21816 --- [ms-agrotrack-report] [ntainer#0-0-C-1] o.a.k.c.c.internals.ConsumerCoordinator  : [Consumer clientId=consumer-report-consumer-1, groupId=report-consumer] Discovered group coordinator localhost:9092 (id: 2147483646 rack: null)
2026-09-07T19:29:17.211-03:00  INFO 21816 --- [ms-agrotrack-report] [ntainer#0-0-C-1] o.a.k.c.c.internals.ConsumerCoordinator  : [Consumer clientId=consumer-report-consumer-1, groupId=report-consumer] (Re-)joining group
2026-09-07T19:29:17.235-03:00  INFO 21816 --- [ms-agrotrack-report] [ntainer#0-0-C-1] o.a.k.c.c.internals.ConsumerCoordinator  : [Consumer clientId=consumer-report-consumer-1, groupId=report-consumer] Request joining group due to: need to re-join with the given member-id: consumer-report-consumer-1-14e7c9a5-7f3d-4bf1-8841-ee23e6799628
2026-09-07T19:29:17.237-03:00  INFO 21816 --- [ms-agrotrack-report] [ntainer#0-0-C-1] o.a.k.c.c.internals.ConsumerCoordinator  : [Consumer clientId=consumer-report-consumer-1, groupId=report-consumer] (Re-)joining group
2026-09-07T19:29:17.244-03:00  INFO 21816 --- [ms-agrotrack-report] [ntainer#0-0-C-1] o.a.k.c.c.internals.ConsumerCoordinator  : [Consumer clientId=consumer-report-consumer-1, groupId=report-consumer] Successfully joined group with generation Generation{generationId=9, memberId='consumer-report-consumer-1-14e7c9a5-7f3d-4bf1-8841-ee23e6799628', protocol='range'}
2026-09-07T19:29:17.251-03:00  INFO 21816 --- [ms-agrotrack-report] [ntainer#0-0-C-1] o.a.k.c.c.internals.ConsumerCoordinator  : [Consumer clientId=consumer-report-consumer-1, groupId=report-consumer] Finished assignment for group at generation 9: {consumer-report-consumer-1-14e7c9a5-7f3d-4bf1-8841-ee23e6799628=Assignment(partitions=[deliveries.events-0, deliveries.events-1, deliveries.events-2])}
2026-09-07T19:29:17.266-03:00  INFO 21816 --- [ms-agrotrack-report] [ntainer#0-0-C-1] o.a.k.c.c.internals.ConsumerCoordinator  : [Consumer clientId=consumer-report-consumer-1, groupId=report-consumer] Successfully synced group in generation Generation{generationId=9, memberId='consumer-report-consumer-1-14e7c9a5-7f3d-4bf1-8841-ee23e6799628', protocol='range'}
2026-09-07T19:29:17.268-03:00  INFO 21816 --- [ms-agrotrack-report] [ntainer#0-0-C-1] o.a.k.c.c.internals.ConsumerCoordinator  : [Consumer clientId=consumer-report-consumer-1, groupId=report-consumer] Notifying assignor about the new Assignment(partitions=[deliveries.events-0, deliveries.events-1, deliveries.events-2])
2026-09-07T19:29:17.271-03:00  INFO 21816 --- [ms-agrotrack-report] [ntainer#0-0-C-1] k.c.c.i.ConsumerRebalanceListenerInvoker : [Consumer clientId=consumer-report-consumer-1, groupId=report-consumer] Adding newly assigned partitions: deliveries.events-0, deliveries.events-1, deliveries.events-2
2026-09-07T19:29:17.280-03:00  INFO 21816 --- [ms-agrotrack-report] [ntainer#0-0-C-1] o.a.k.c.c.internals.ConsumerCoordinator  : [Consumer clientId=consumer-report-consumer-1, groupId=report-consumer] Found no committed offset for partition deliveries.events-0
2026-09-07T19:29:17.284-03:00  INFO 21816 --- [ms-agrotrack-report] [ntainer#0-0-C-1] o.a.k.c.c.internals.ConsumerUtils        : Setting offset for partition deliveries.events-1 to the committed offset FetchPosition{offset=12, offsetEpoch=Optional.empty, currentLeader=LeaderAndEpoch{leader=Optional[localhost:9092 (id: 1 rack: null)], epoch=0}}
2026-09-07T19:29:17.286-03:00  INFO 21816 --- [ms-agrotrack-report] [ntainer#0-0-C-1] o.a.k.c.c.internals.ConsumerUtils        : Setting offset for partition deliveries.events-2 to the committed offset FetchPosition{offset=2, offsetEpoch=Optional.empty, currentLeader=LeaderAndEpoch{leader=Optional[localhost:9092 (id: 1 rack: null)], epoch=0}}
2026-09-07T19:29:17.302-03:00  INFO 21816 --- [ms-agrotrack-report] [ntainer#0-0-C-1] o.a.k.c.c.internals.SubscriptionState    : [Consumer clientId=consumer-report-consumer-1, groupId=report-consumer] Resetting offset for partition deliveries.events-0 to position FetchPosition{offset=0, offsetEpoch=Optional.empty, currentLeader=LeaderAndEpoch{leader=Optional[localhost:9092 (id: 1 rack: null)], epoch=0}}.
2026-09-07T19:29:17.304-03:00  INFO 21816 --- [ms-agrotrack-report] [ntainer#0-0-C-1] o.s.k.l.KafkaMessageListenerContainer    : report-consumer: partitions assigned: [deliveries.events-0, deliveries.events-1, deliveries.events-2]
2026-09-07T19:29:21.834-03:00  INFO 21816 --- [ms-agrotrack-report] [nio-8085-exec-1] o.a.c.c.C.[Tomcat].[localhost].[/]       : Initializing Spring DispatcherServlet 'dispatcherServlet'
2026-09-07T19:29:21.870-03:00  INFO 21816 --- [ms-agrotrack-report] [nio-8085-exec-1] o.s.web.servlet.DispatcherServlet        : Initializing Servlet 'dispatcherServlet'
2026-09-07T19:29:21.875-03:00  INFO 21816 --- [ms-agrotrack-report] [nio-8085-exec-1] o.s.web.servlet.DispatcherServlet        : Completed initialization in 3 ms
2026-09-07T19:29:24.845-03:00  INFO 21816 --- [ms-agrotrack-report] [ntainer#0-0-C-1] c.a.report.aplicacion.KpiService         : [kpi] delivery.registered DEL-2026-000005 aplicado
2026-09-07T19:29:25.115-03:00  INFO 21816 --- [ms-agrotrack-report] [ntainer#0-0-C-1] c.a.report.aplicacion.KpiService         : [kpi] delivery.received DEL-2026-000005 aplicado
2026-09-07T19:29:25.397-03:00  INFO 21816 --- [ms-agrotrack-report] [ntainer#0-0-C-1] c.a.report.aplicacion.KpiService         : [kpi] delivery.classifying DEL-2026-000005 aplicado
2026-09-07T19:29:25.444-03:00  INFO 21816 --- [ms-agrotrack-report] [ntainer#0-0-C-1] c.a.report.aplicacion.KpiService         : [kpi] delivery.dispatching DEL-2026-000005 aplicado
2026-09-07T19:29:25.492-03:00  INFO 21816 --- [ms-agrotrack-report] [ntainer#0-0-C-1] c.a.report.aplicacion.KpiService         : [kpi] delivery.dispatched DEL-2026-000005 aplicado
