
  .   ____          _            __ _ _
 /\\ / ___'_ __ _ _(_)_ __  __ _ \ \ \ \
( ( )\___ | '_ | '_| | '_ \/ _` | \ \ \ \
 \\/  ___)| |_)| | | | | || (_| |  ) ) ) )
  '  |____| .__|_| |_|_| |_\__, | / / / /
 =========|_|==============|___/=/_/_/_/

 :: Spring Boot ::               (v3.5.16)

2026-09-07T19:29:03.465-03:00  INFO 22364 --- [ms-agrotrack-notify] [           main] c.a.notify.MsAgrotrackNotifyApplication  : Starting MsAgrotrackNotifyApplication v0.0.1-SNAPSHOT using Java 21.0.12.1 with PID 22364 (C:\Users\deint\Desktop\AgroTrack\ms-agrotrack-notify\target\ms-agrotrack-notify-0.0.1-SNAPSHOT.jar started by deint in C:\Users\deint\Desktop\AgroTrack\ms-agrotrack-notify)
2026-09-07T19:29:03.533-03:00  INFO 22364 --- [ms-agrotrack-notify] [           main] c.a.notify.MsAgrotrackNotifyApplication  : The following 1 profile is active: "local"
2026-09-07T19:29:08.399-03:00  INFO 22364 --- [ms-agrotrack-notify] [           main] o.s.b.w.embedded.tomcat.TomcatWebServer  : Tomcat initialized with port 8084 (http)
2026-09-07T19:29:08.425-03:00  INFO 22364 --- [ms-agrotrack-notify] [           main] o.apache.catalina.core.StandardService   : Starting service [Tomcat]
2026-09-07T19:29:08.425-03:00  INFO 22364 --- [ms-agrotrack-notify] [           main] o.apache.catalina.core.StandardEngine    : Starting Servlet engine: [Apache Tomcat/10.1.55]
2026-09-07T19:29:08.493-03:00  INFO 22364 --- [ms-agrotrack-notify] [           main] o.a.c.c.C.[Tomcat].[localhost].[/]       : Initializing Spring embedded WebApplicationContext
2026-09-07T19:29:08.495-03:00  INFO 22364 --- [ms-agrotrack-notify] [           main] w.s.c.ServletWebServerApplicationContext : Root WebApplicationContext: initialization completed in 4847 ms
2026-09-07T19:29:12.816-03:00  INFO 22364 --- [ms-agrotrack-notify] [           main] o.s.b.a.e.web.EndpointLinksResolver      : Exposing 3 endpoints beneath base path '/actuator'
2026-09-07T19:29:13.302-03:00  INFO 22364 --- [ms-agrotrack-notify] [           main] o.s.b.w.embedded.tomcat.TomcatWebServer  : Tomcat started on port 8084 (http) with context path '/'
2026-09-07T19:29:13.310-03:00  INFO 22364 --- [ms-agrotrack-notify] [           main] o.s.a.r.c.CachingConnectionFactory       : Attempting to connect to: [localhost:5672]
2026-09-07T19:29:13.533-03:00  INFO 22364 --- [ms-agrotrack-notify] [           main] o.s.a.r.c.CachingConnectionFactory       : Created new connection: rabbitConnectionFactory#527a8665:0/SimpleConnection@65753724 [delegate=amqp://agrotrack@127.0.0.1:5672/, localPort=52607]
2026-09-07T19:29:13.845-03:00  INFO 22364 --- [ms-agrotrack-notify] [           main] c.a.notify.MsAgrotrackNotifyApplication  : Started MsAgrotrackNotifyApplication in 11.573 seconds (process running for 12.976)
2026-09-07T19:29:21.423-03:00  INFO 22364 --- [ms-agrotrack-notify] [nio-8084-exec-1] o.a.c.c.C.[Tomcat].[localhost].[/]       : Initializing Spring DispatcherServlet 'dispatcherServlet'
2026-09-07T19:29:21.483-03:00  INFO 22364 --- [ms-agrotrack-notify] [nio-8084-exec-1] o.s.web.servlet.DispatcherServlet        : Initializing Servlet 'dispatcherServlet'
2026-09-07T19:29:21.486-03:00  INFO 22364 --- [ms-agrotrack-notify] [nio-8084-exec-1] o.s.web.servlet.DispatcherServlet        : Completed initialization in 0 ms
2026-09-07T19:29:25.381-03:00  INFO 22364 --- [ms-agrotrack-notify] [ntContainer#0-1] c.a.notify.aplicacion.EmailService       : [email simulado] para=productor-smoke@agrotrack.local asunto='Tu lote DEL-2026-000005 fue recibido' eventId=01a07dfd-91ab-7cf8-a9a3-9d33798d5a40
Hola productor-smoke,

Tu entrega DEL-2026-000005 fue recibida en bodega. Peso registrado: 280.

AgroTrack
2026-09-07T19:29:25.383-03:00  INFO 22364 --- [ms-agrotrack-notify] [ntContainer#2-1] c.a.notify.aplicacion.TicketService      : [ticket] DEL-2026-000005 -> C:\Users\deint\Desktop\AgroTrack\ms-agrotrack-notify\.\salida\tickets\DEL-2026-000005.txt
2026-09-07T19:29:25.393-03:00  INFO 22364 --- [ms-agrotrack-notify] [ntContainer#0-1] c.a.notify.aplicacion.EmailService       : [email simulado] para=productor-smoke@agrotrack.local asunto='Tu lote DEL-2026-000005 esta en clasificacion' eventId=01a07dfd-92fe-7091-97c6-7f35995c2364
Hola productor-smoke,

Tu entrega DEL-2026-000005 paso a clasificacion.

AgroTrack
2026-09-07T19:29:25.480-03:00  INFO 22364 --- [ms-agrotrack-notify] [ntContainer#0-1] c.a.notify.aplicacion.EmailService       : [email simulado] para=productor-smoke@agrotrack.local asunto='Tu lote DEL-2026-000005 fue despachado' eventId=01a07dfd-9356-7477-9b1d-fffbed4e2d86
Hola productor-smoke,

Tu entrega DEL-2026-000005 salio a planta. La guia de despacho queda disponible en el portal.

AgroTrack
2026-09-07T19:29:25.677-03:00  INFO 22364 --- [ms-agrotrack-notify] [ntContainer#1-1] c.a.notify.aplicacion.VoucherService     : [voucher] GUIA DE DESPACHO DEL-2026-000005 -> C:\Users\deint\Desktop\AgroTrack\ms-agrotrack-notify\.\salida\vouchers\DEL-2026-000005.pdf
